select business_0.name from business as business_0, category as category_0 where business_0.rating > 3.5 and category_0.category_name = "Restaurants" and business_0.business_id = category_0.business_id
select business_0.city from business as business_0, category as category_0 where business_0.name = "Taj Mahal" and category_0.category_name = "Restaurants" and business_0.business_id = category_0.business_id
select review_0.text from review as review_0, user as user_0 where user_0.name = "Niloofar" and review_0.user_id = user_0.user_id
select business_0.name from business as business_0, review as review_0, user as user_0 where user_0.name = "Niloofar" and business_0.business_id = review_0.business_id and review_0.user_id = user_0.user_id
select business_0.name from business as business_0, review as review_0, user as user_0 where review_0.rating = 5 and user_0.name = "Niloofar" and business_0.business_id = review_0.business_id and review_0.user_id = user_0.user_id
select review_0.text from business as business_0, category as category_0, category as category_1, review as review_0, user as user_0 where category_0.category_name = "Restaurants" and category_1.category_name = "Italian" and user_0.name = "Michelle" and business_0.business_id = category_0.business_id and business_0.business_id = category_1.business_id and business_0.business_id = review_0.business_id and review_0.user_id = user_0.user_id	select review_0.text from business as business_0, category as category_0, review as review_0, user as user_0 where category_0.category_name = "Italian" and user_0.name = "Michelle" and business_0.business_id = category_0.business_id and business_0.business_id = review_0.business_id and review_0.user_id = user_0.user_id
select count(distinct(review_0.text)) from business as business_0, category as category_0, review as review_0 where business_0.name = "Cafe Zinho" and business_0.state = "Texas" and category_0.category_name = "Restaurants" and business_0.business_id = category_0.business_id and business_0.business_id = review_0.business_id	select business_0.review_count from business as business_0, category as category_0 where business_0.name = "Cafe Zinho" and business_0.state = "Texas" and category_0.category_name = "Restaurants" and business_0.business_id = category_0.business_id
select business_0.name from business as business_0, category as category_0, category as category_1 where business_0.rating = 5 and category_0.category_name = "Restaurants" and category_1.category_name = "Italian" and business_0.business_id = category_0.business_id and business_0.business_id = category_1.business_id	select business_0.name from business as business_0, category as category_0, category as category_1 where business_0.rating = 5 and category_0.category_name = "Italian" and category_1.category_name = "Restaurants" and business_0.business_id = category_0.business_id and business_0.business_id = category_1.business_id
select neighborhood_0.neighborhood_name from business as business_0, category as category_0, category as category_1, neighborhood as neighborhood_0 where business_0.city = "Madison" and category_0.category_name = "Restaurants" and category_1.category_name = "Italian" and business_0.business_id = category_0.business_id and business_0.business_id = category_1.business_id and business_0.business_id = neighborhood_0.business_id	select neighborhood_0.neighborhood_name from business as business_0, category as category_0, category as category_1, neighborhood as neighborhood_0 where business_0.city = "Madison" and category_0.category_name = "Italian" and category_1.category_name = "Restaurants" and business_0.business_id = category_0.business_id and business_0.business_id = category_1.business_id and business_0.business_id = neighborhood_0.business_id
select neighborhood_0.neighborhood_name from business as business_0, category as category_0, category as category_1, neighborhood as neighborhood_0 where business_0.city = "Madison" and business_0.rating < 2.5 and category_0.category_name = "Restaurants" and category_1.category_name = "Italian" and business_0.business_id = category_0.business_id and business_0.business_id = category_1.business_id and business_0.business_id = neighborhood_0.business_id 	select neighborhood_0.neighborhood_name from business as business_0, category as category_0, category as category_1, neighborhood as neighborhood_0 where business_0.city = "Madison" and business_0.rating < 2.5 and category_0.category_name = "Italian" and category_1.category_name = "Restaurants" and business_0.business_id = category_0.business_id and business_0.business_id = category_1.business_id and business_0.business_id = neighborhood_0.business_id
select business_0.name from business as business_0, category as category_0 where business_0.state = "Texas" and category_0.category_name = "Restaurants" and business_0.business_id = category_0.business_id
select review_0.text from business as business_0, category as category_0, review as review_0 where business_0.review_count > 100 and category_0.category_name = "Pet Groomers" and business_0.business_id = category_0.business_id and business_0.business_id = review_0.business_id
select business_0.name from business as business_0, category as category_0, review as review_0 where category_0.category_name = "Pet Groomers" and business_0.business_id = category_0.business_id and business_0.business_id = review_0.business_id group by business_0.name having count(distinct(review_0.text)) > 100	select business_0.name from business as business_0, category as category_0 where business_0.review_count > 100 and category_0.category_name = "Pet Groomers" and business_0.business_id = category_0.business_id
select business_0.name from business as business_0, category as category_0 where business_0.city = "Los Angeles" and category_0.category_name = "Gyms" and business_0.business_id = category_0.business_id
select business_0.name from business as business_0, category as category_0 where business_0.city = "Dallas" and category_0.category_name = "Bars" and business_0.business_id = category_0.business_id
select business_0.name from business as business_0, category as category_0 where business_0.city = "Los Angeles" and category_0.category_name = "Dance Schools" and business_0.business_id = category_0.business_id
select business_0.name from business as business_0, category as category_0, review as review_0 where business_0.city = "Los Angeles" and category_0.category_name = "Restaurants" and business_0.business_id = category_0.business_id and business_0.business_id = review_0.business_id group by business_0.name having count(distinct(review_0.text)) > 100	select business_0.name from business as business_0, category as category_0 where business_0.city = "Los Angeles" and business_0.review_count > 100 and category_0.category_name = "Restaurants" and business_0.business_id = category_0.business_id
select business_0.name from business as business_0, category as category_0, review as review_0 where business_0.city = "Dallas" and category_0.category_name = "Hotels" and business_0.business_id = category_0.business_id and business_0.business_id = review_0.business_id group by business_0.name having count(distinct(review_0.text)) >= 50	select business_0.name from business as business_0, category as category_0 where business_0.city = "Dallas" and business_0.review_count >= 50 and category_0.category_name = "Hotels" and business_0.business_id = category_0.business_id
select user_0.name from business as business_0, category as category_0, review as review_0, user as user_0 where business_0.name = "Mesa Grill" and category_0.category_name = "Restaurants" and business_0.business_id = category_0.business_id and business_0.business_id = review_0.business_id and review_0.user_id = user_0.user_id
select business_0.full_address from business as business_0 where business_0.city = "Los Angeles" and business_0.name = "Walmart"
select business_0.name from business as business_0, category as category_0, review as review_0, user as user_0 where business_0.city = "Los Angeles" and category_0.category_name = "Restaurants" and user_0.name = "Patrick" and business_0.business_id = category_0.business_id and business_0.business_id = review_0.business_id and review_0.user_id = user_0.user_id
select business_0.name from business as business_0, category as category_0, review as review_0, user as user_0 where category_0.category_name = "Bars" and user_0.name = "Patrick" and business_0.business_id = category_0.business_id and business_0.business_id = review_0.business_id and review_0.user_id = user_0.user_id
select business_0.name from business as business_0, category as category_0, review as review_0, user as user_0 where business_0.rating >= 3 and category_0.category_name = "Bars" and user_0.name = "Patrick" and business_0.business_id = category_0.business_id and business_0.business_id = review_0.business_id and review_0.user_id = user_0.user_id
select business_0.name from business as business_0, category as category_0, review as review_0 where business_0.city = "Los Angeles" and category_0.category_name = "Bars" and business_0.business_id = category_0.business_id and business_0.business_id = review_0.business_id group by business_0.name having count(distinct(review_0.text)) >= 30	select business_0.name from business as business_0, category as category_0 where business_0.city = "Los Angeles" and business_0.review_count >= 30 and category_0.category_name = "Bars" and business_0.business_id = category_0.business_id
select business_0.name from business as business_0, category as category_0, review as review_0, user as user_0 where business_0.city = "Dallas" and category_0.category_name = "Restaurants" and user_0.name = "Patrick" and business_0.business_id = category_0.business_id and business_0.business_id = review_0.business_id and review_0.user_id = user_0.user_id
select user_0.name from business as business_0, tip as tip_0, user as user_0 where business_0.name = "Barrio Café" and tip_0.year = 2015 and business_0.business_id = tip_0.business_id and tip_0.user_id = user_0.user_id
select business_0.name from business as business_0 where business_0.rating < 2 and business_0.state = "Texas"
select business_0.name from business as business_0, category as category_0 where business_0.city = "Pittsburgh" and category_0.category_name = "Pet Hospice" and business_0.business_id = category_0.business_id
select review_0.text from review as review_0, user as user_0 where review_0.rating > 4 and user_0.name = "Patrick" and review_0.user_id = user_0.user_id
select business_0.name from business as business_0, category as category_0 where business_0.city = "Pittsburgh" and category_0.category_name = "Bistros" and business_0.business_id = category_0.business_id
select business_0.name from business as business_0, category as category_0 where business_0.city = "Los Angeles" and category_0.category_name = "Bakeries" and business_0.business_id = category_0.business_id
select business_0.business_id from business as business_0 where business_0.city = "Los Angeles" and business_0.name = "Apple Store"
select business_0.name from business as business_0, category as category_0 where business_0.city = "Dallas" and business_0.rating > 4.5 and category_0.category_name = "Restaurants" and business_0.business_id = category_0.business_id
select business_0.name from business as business_0, category as category_0 where business_0.city = "Los Angeles" and category_0.category_name = "Breweries" and business_0.business_id = category_0.business_id
select neighborhood_0.neighborhood_name from business as business_0, category as category_0, neighborhood as neighborhood_0 where business_0.name = "Flat Top Grill" and category_0.category_name = "Restaurants" and business_0.business_id = category_0.business_id and business_0.business_id = neighborhood_0.business_id	select neighborhood_0.neighborhood_name from business as business_0, neighborhood as neighborhood_0 where business_0.name = "Flat Top Grill" and business_0.business_id = neighborhood_0.business_id
select tip_0.text from business as business_0, tip as tip_0 where business_0.name = "Vintner Grill" and tip_0.likes > 9 and business_0.business_id = tip_0.business_id
select review_0.text from business as business_0, review as review_0 where business_0.name = "Kabob Palace" and review_0.year = 2014 and business_0.business_id = review_0.business_id
select user_0.name from business as business_0, tip as tip_0, user as user_0 where business_0.city = "Dallas" and business_0.business_id = tip_0.business_id and tip_0.user_id = user_0.user_id
select business_0.city from business as business_0, category as category_0 where business_0.name = "MGM Grand Buffet" and business_0.state = "Texas" and category_0.category_name = "Restaurants" and business_0.business_id = category_0.business_id
select user_0.name from business as business_0, category as category_0, tip as tip_0, user as user_0 where category_0.category_name = "Pet Groomers" and business_0.business_id = category_0.business_id and business_0.business_id = tip_0.business_id and tip_0.user_id = user_0.user_id
select review_0.text from business as business_0, category as category_0, review as review_0 where business_0.rating < 1.5 and category_0.category_name = "Bistros" and business_0.business_id = category_0.business_id and business_0.business_id = review_0.business_id	select review_0.text from business as business_0, category as category_0, review as review_0 where category_0.category_name = "Bistros" and review_0.rating < 1.5 and business_0.business_id = category_0.business_id and business_0.business_id = review_0.business_id
select neighborhood_0.name from business as business_0, neighborhood as neighborhood_0, review as review_0, user as user_0 where user_0.name = "Michelle" and business_0.business_id = neighborhood_0.business_id and business_0.business_id = review_0.business_id and review_0.user_id = user_0.user_id
select tip_0.text from business as business_0, tip as tip_0 where business_0.name = "Cafe Zinho" and business_0.state = "Texas" and business_0.business_id = tip_0.business_id
select business_0.name from business as business_0, category as category_0 where business_0.state = "Pennsylvania" and category_0.category_name = "Restaurants" and business_0.business_id = category_0.business_id
select user_0.name from business as business_0, category as category_0, review as review_0, user as user_0 where category_0.category_name = "Restaurants" and business_0.business_id = category_0.business_id and business_0.business_id = review_0.business_id and review_0.user_id = user_0.user_id
select tip_0.text from business as business_0, tip as tip_0 where business_0.name = "Cafe Zinho" and business_0.state = "Pennsylvania" and tip_0.year = 2010 and business_0.business_id = tip_0.business_id
select user_0.name from business as business_0, category as category_0, review as review_0, user as user_0 where category_0.category_name = "Restaurants" and review_0.year = 2010 and business_0.business_id = category_0.business_id and business_0.business_id = review_0.business_id and review_0.user_id = user_0.user_id
select tip_0.text from review as review_0, tip as tip_0, user as user_0 where review_0.year = 2012 and review_0.user_id = user_0.user_id and tip_0.user_id = user_0.user_id
select review_0.text from business as business_0, review as review_0 where business_0.rating = 2.5 and business_0.business_id = review_0.business_id
