select author_0.name from author as author_0, journal as journal_0, publication as publication_0, writes as writes_0 where journal_0.name = "PVLDB" and publication_0.year = 2010 and author_0.aid = writes_0.aid and journal_0.jid = publication_0.jid and publication_0.pid = writes_0.pid
select author_0.name from author as author_0, journal as journal_0, publication as publication_0, writes as writes_0 where journal_0.name = "PVLDB" and publication_0.year > 2010 and author_0.aid = writes_0.aid and journal_0.jid = publication_0.jid and publication_0.pid = writes_0.pid
select author_0.name from author as author_0, conference as conference_0, publication as publication_0, writes as writes_0 where conference_0.name = "VLDB" and publication_0.year = 2002 and author_0.aid = writes_0.aid and conference_0.cid = publication_0.cid and publication_0.pid = writes_0.pid
select author_0.name from author as author_0, conference as conference_0, publication as publication_0, writes as writes_0 where conference_0.name = "VLDB" and publication_0.year < 2002 and author_0.aid = writes_0.aid and conference_0.cid = publication_0.cid and publication_0.pid = writes_0.pid
select author_0.name from author as author_0, conference as conference_0, publication as publication_0, writes as writes_0 where conference_0.name = "VLDB" and publication_0.year < 2002 and publication_0.year > 1995 and author_0.aid = writes_0.aid and conference_0.cid = publication_0.cid and publication_0.pid = writes_0.pid
select author_0.name from author as author_0, conference as conference_0, publication as publication_0, writes as writes_0 where conference_0.name = "VLDB" and (publication_0.year < 1995 or publication_0.year > 2002) and author_0.aid = writes_0.aid and conference_0.cid = publication_0.cid and publication_0.pid = writes_0.pid
select domain_0.name from domain as domain_0, domain_journal as domain_journal_0, journal as journal_0 where journal_0.name = "PVLDB" and domain_0.did = domain_journal_0.did and domain_journal_0.jid = journal_0.jid
select author_0.name from author as author_0, journal as journal_0, publication as publication_0, writes as writes_0 where journal_0.name = "PVLDB" and author_0.aid = writes_0.aid and journal_0.jid = publication_0.jid and publication_0.pid = writes_0.pid
select organization_0.name from author as author_0, organization as organization_0 where author_0.name = "H. V. Jagadish" and author_0.oid = organization_0.oid
select conference_0.name from author as author_0, conference as conference_0, publication as publication_0, writes as writes_0 where author_0.name = "H. V. Jagadish" and author_0.aid = writes_0.aid and conference_0.cid = publication_0.cid and publication_0.pid = writes_0.pid
select journal_0.name from author as author_0, journal as journal_0, publication as publication_0, writes as writes_0 where author_0.name = "H. V. Jagadish" and author_0.aid = writes_0.aid and journal_0.jid = publication_0.jid and publication_0.pid = writes_0.pid
select domain_0.name from author as author_0, domain as domain_0, domain_author as domain_author_0 where author_0.name = "H. V. Jagadish" and author_0.aid = domain_author_0.aid and domain_0.did = domain_author_0.did
select author_0.name from author as author_0, publication as publication_0, writes as writes_0 where publication_0.title = "Making database systems usable" and author_0.aid = writes_0.aid and publication_0.pid = writes_0.pid
select conference_0.name from conference as conference_0, publication as publication_0 where publication_0.title = "Making database systems usable" and conference_0.cid = publication_0.cid
select publication_0.reference_num from publication as publication_0 where publication_0.title = "Making database systems usable"
select publication_0.citation_num from publication as publication_0 where publication_0.title = "Making database systems usable"
select publication_0.title from author as author_0, publication as publication_0, writes as writes_0 where author_0.name = "H. V. Jagadish" and author_0.aid = writes_0.aid and publication_0.pid = writes_0.pid
select publication_0.title from conference as conference_0, publication as publication_0 where conference_0.name = "VLDB" and conference_0.cid = publication_0.cid
select publication_0.title from journal as journal_0, publication as publication_0 where journal_0.name = "PVLDB" and journal_0.jid = publication_0.jid
select publication_0.title from journal as journal_0, publication as publication_0 where journal_0.name = "PVLDB" and publication_0.year > 2000 and journal_0.jid = publication_0.jid
select publication_0.title from conference as conference_0, publication as publication_0 where conference_0.name = "VLDB" and publication_0.year > 2000 and conference_0.cid = publication_0.cid
select publication_0.title from author as author_0, journal as journal_0, publication as publication_0, writes as writes_0 where author_0.name = "H. V. Jagadish" and journal_0.name = "PVLDB" and author_0.aid = writes_0.aid and journal_0.jid = publication_0.jid and publication_0.pid = writes_0.pid
select publication_0.title from author as author_0, conference as conference_0, publication as publication_0, writes as writes_0 where author_0.name = "H. V. Jagadish" and conference_0.name = "VLDB" and author_0.aid = writes_0.aid and conference_0.cid = publication_0.cid and publication_0.pid = writes_0.pid
select publication_0.title from author as author_0, publication as publication_0, writes as writes_0 where author_0.name = "H. V. Jagadish" and publication_0.year > 2000 and author_0.aid = writes_0.aid and publication_0.pid = writes_0.pid
select publication_0.title from author as author_0, journal as journal_0, publication as publication_0, writes as writes_0 where author_0.name = "H. V. Jagadish" and journal_0.name = "PVLDB" and publication_0.year > 2000 and author_0.aid = writes_0.aid and journal_0.jid = publication_0.jid and publication_0.pid = writes_0.pid
select publication_0.title from author as author_0, conference as conference_0, publication as publication_0, writes as writes_0 where author_0.name = "H. V. Jagadish" and conference_0.name = "VLDB" and publication_0.year > 2000 and author_0.aid = writes_0.aid and conference_0.cid = publication_0.cid and publication_0.pid = writes_0.pid
select domain_0.name from conference as conference_0, domain as domain_0, domain_conference as domain_conference_0 where conference_0.name = "VLDB" and conference_0.cid = domain_conference_0.cid and domain_0.did = domain_conference_0.did
select author_0.name from author as author_0, conference as conference_0, publication as publication_0, writes as writes_0 where conference_0.name = "VLDB" and author_0.aid = writes_0.aid and conference_0.cid = publication_0.cid and publication_0.pid = writes_0.pid
select keyword_0.keyword from domain as domain_0, domain_keyword as domain_keyword_0, keyword as keyword_0 where domain_0.name = "Databases" and domain_0.did = domain_keyword_0.did and domain_keyword_0.kid = keyword_0.kid
select publication_0.title from keyword as keyword_0, publication as publication_0, publication_keyword as publication_keyword_0 where keyword_0.keyword = "Natural Language" and keyword_0.kid = publication_keyword_0.kid and publication_0.pid = publication_keyword_0.pid
select keyword_0.keyword from keyword as keyword_0, publication as publication_0, publication_keyword as publication_keyword_0 where publication_0.title = "Making database systems usable" and keyword_0.kid = publication_keyword_0.kid and publication_0.pid = publication_keyword_0.pid
select keyword_0.keyword from author as author_0, keyword as keyword_0, publication as publication_0, publication_keyword as publication_keyword_0, writes as writes_0 where author_0.name = "H. V. Jagadish" and author_0.aid = writes_0.aid and keyword_0.kid = publication_keyword_0.kid and publication_0.pid = publication_keyword_0.pid and publication_0.pid = writes_0.pid
select keyword_0.keyword from conference as conference_0, keyword as keyword_0, publication as publication_0, publication_keyword as publication_keyword_0 where conference_0.name = "VLDB" and conference_0.cid = publication_0.cid and keyword_0.kid = publication_keyword_0.kid and publication_0.pid = publication_keyword_0.pid
select keyword_0.keyword from journal as journal_0, keyword as keyword_0, publication as publication_0, publication_keyword as publication_keyword_0 where journal_0.name = "PVLDB" and journal_0.jid = publication_0.jid and keyword_0.kid = publication_keyword_0.kid and publication_0.pid = publication_keyword_0.pid
select keyword_0.keyword from author as author_0, keyword as keyword_0, organization as organization_0, publication as publication_0, publication_keyword as publication_keyword_0, writes as writes_0 where organization_0.name = "University of Michigan" and author_0.aid = writes_0.aid and author_0.oid = organization_0.oid and keyword_0.kid = publication_keyword_0.kid and publication_0.pid = publication_keyword_0.pid and publication_0.pid = writes_0.pid
select publication_0.title from author as author_0, keyword as keyword_0, publication as publication_0, publication_keyword as publication_keyword_0, writes as writes_0 where author_0.name = "H. V. Jagadish" and keyword_0.keyword = "User Study" and author_0.aid = writes_0.aid and keyword_0.kid = publication_keyword_0.kid and publication_0.pid = publication_keyword_0.pid and publication_0.pid = writes_0.pid
select publication_0.title from journal as journal_0, keyword as keyword_0, publication as publication_0, publication_keyword as publication_keyword_0 where journal_0.name = "PVLDB" and keyword_0.keyword = "Keyword Search" and journal_0.jid = publication_0.jid and keyword_0.kid = publication_keyword_0.kid and publication_0.pid = publication_keyword_0.pid
select publication_0.title from conference as conference_0, keyword as keyword_0, publication as publication_0, publication_keyword as publication_keyword_0 where conference_0.name = "VLDB" and keyword_0.keyword = "Information Retrieval" and conference_0.cid = publication_0.cid and keyword_0.kid = publication_keyword_0.kid and publication_0.pid = publication_keyword_0.pid
select author_0.name from author as author_0, keyword as keyword_0, publication as publication_0, publication_keyword as publication_keyword_0, writes as writes_0 where keyword_0.keyword = "Relational Database" and author_0.aid = writes_0.aid and keyword_0.kid = publication_keyword_0.kid and publication_0.pid = publication_keyword_0.pid and publication_0.pid = writes_0.pid
select organization_0.name from author as author_0, domain as domain_0, domain_author as domain_author_0, organization as organization_0 where domain_0.name = "Databases" and author_0.aid = domain_author_0.aid and author_0.oid = organization_0.oid and domain_0.did = domain_author_0.did
select organization_0.name from author as author_0, domain as domain_0, domain_author as domain_author_0, organization as organization_0 where domain_0.name = "Databases" and organization_0.continent = "North America" and author_0.aid = domain_author_0.aid and author_0.oid = organization_0.oid and domain_0.did = domain_author_0.did
select author_0.name from author as author_0, organization as organization_0 where organization_0.name = "University of Michigan" and author_0.oid = organization_0.oid
select author_0.name from author as author_0, domain as domain_0, domain_author as domain_author_0, organization as organization_0 where domain_0.name = "Databases" and organization_0.name = "University of Michigan" and author_0.aid = domain_author_0.aid and author_0.oid = organization_0.oid and domain_0.did = domain_author_0.did
select publication_0.title from author as author_0, organization as organization_0, publication as publication_0, writes as writes_0 where organization_0.name = "University of Michigan" and author_0.aid = writes_0.aid and author_0.oid = organization_0.oid and publication_0.pid = writes_0.pid
select publication_0.title from author as author_0, organization as organization_0, publication as publication_0, writes as writes_0 where organization_0.name = "University of Michigan" and publication_0.year > 2000 and author_0.aid = writes_0.aid and author_0.oid = organization_0.oid and publication_0.pid = writes_0.pid
select publication_0.title from author as author_0, conference as conference_0, organization as organization_0, publication as publication_0, writes as writes_0 where conference_0.name = "VLDB" and organization_0.name = "University of Michigan" and author_0.aid = writes_0.aid and author_0.oid = organization_0.oid and conference_0.cid = publication_0.cid and publication_0.pid = writes_0.pid
select publication_0.title from author as author_0, journal as journal_0, organization as organization_0, publication as publication_0, writes as writes_0 where journal_0.name = "PVLDB" and organization_0.name = "University of Michigan" and author_0.aid = writes_0.aid and author_0.oid = organization_0.oid and journal_0.jid = publication_0.jid and publication_0.pid = writes_0.pid
select publication_0.title from author as author_0, journal as journal_0, organization as organization_0, publication as publication_0, writes as writes_0 where journal_0.name = "VLDB" and organization_0.name = "University of Michigan" and publication_0.year > 2000 and author_0.aid = writes_0.aid and author_0.oid = organization_0.oid and journal_0.jid = publication_0.jid and publication_0.pid = writes_0.pid
select publication_0.title from author as author_0, journal as journal_0, organization as organization_0, publication as publication_0, writes as writes_0 where journal_0.name = "PVLDB" and organization_0.name = "University of Michigan" and publication_0.year > 2000 and author_0.aid = writes_0.aid and author_0.oid = organization_0.oid and journal_0.jid = publication_0.jid and publication_0.pid = writes_0.pid
select publication_0.title from domain as domain_0, domain_publication as domain_publication_0, publication as publication_0 where domain_0.name = "Databases" and publication_0.citation_num > 200 and domain_0.did = domain_publication_0.did and domain_publication_0.pid = publication_0.pid
select publication_0.title from journal as journal_0, publication as publication_0 where journal_0.name = "PVLDB" and publication_0.citation_num > 200 and journal_0.jid = publication_0.jid
select publication_0.title from conference as conference_0, publication as publication_0 where conference_0.name = "VLDB" and publication_0.citation_num > 200 and conference_0.cid = publication_0.cid
select publication_0.title from author as author_0, publication as publication_0, writes as writes_0 where author_0.name = "H. V. Jagadish" and publication_0.citation_num > 200 and author_0.aid = writes_0.aid and publication_0.pid = writes_0.pid
select publication_0.title from author as author_0, journal as journal_0, publication as publication_0, writes as writes_0 where author_0.name = "H. V. Jagadish" and journal_0.name = "PVLDB" and publication_0.citation_num > 200 and author_0.aid = writes_0.aid and journal_0.jid = publication_0.jid and publication_0.pid = writes_0.pid
select publication_0.title from author as author_0, conference as conference_0, publication as publication_0, writes as writes_0 where author_0.name = "H. V. Jagadish" and conference_0.name = "VLDB" and publication_0.citation_num > 200 and author_0.aid = writes_0.aid and conference_0.cid = publication_0.cid and publication_0.pid = writes_0.pid
select publication_0.title from publication as publication_0 where publication_0.citation_num > 200 and publication_0.year > 2000
select publication_0.title from domain as domain_0, domain_publication as domain_publication_0, publication as publication_0 where domain_0.name = "Databases" and publication_0.citation_num > 200 and publication_0.year > 2000 and domain_0.did = domain_publication_0.did and domain_publication_0.pid = publication_0.pid
select publication_0.title from journal as journal_0, publication as publication_0 where journal_0.name = "PVLDB" and publication_0.citation_num > 200 and publication_0.year > 2000 and journal_0.jid = publication_0.jid
select publication_0.title from conference as conference_0, publication as publication_0 where conference_0.name = "VLDB" and publication_0.citation_num > 200 and publication_0.year > 2000 and conference_0.cid = publication_0.cid
